! Undulator integrals from evaluating this map in  20000 steps.
! I1y: 1.4306809880868147e-10
! I2y: -1.1114852913386884e-06
! data source: SXU_001/DATASET0007/Final Results_1/Z Scans_before_tuning/On Axis/001gap007.200x+00.00y+00.00/zscan.dat
und_map: wiggler, l=4.48, tracking_method=runge_kutta, num_step=20000,
field_calc=fieldmap,
cartesian_map = { field_scale = 1.0,
term = {-2.63355281e-03, 0, 55.39862045, 55.39862045, 0, 0, 0, y},
term = {3.77473488e-03, 0, 59.60611061, 59.60611061, 0, 0, 0, y},
term = {3.40881383e-03, 0, 61.00860734, 61.00860734, 0, 0, 0, y},
term = {-3.03768002e-03, 0, 63.81360078, 63.81360078, 0, 0, 0, y},
term = {-4.54900614e-03, 0, 65.21609750, 65.21609750, 0, 0, 0, y},
term = {-3.10624475e-03, 0, 66.61859422, 66.61859422, 0, 0, 0, y},
term = {3.80621459e-03, 0, 69.42358766, 69.42358766, 0, 0, 0, y},
term = {5.33155755e-03, 0, 70.82608438, 70.82608438, 0, 0, 0, y},
term = {2.69230384e-03, 0, 72.22858110, 72.22858110, 0, 0, 0, y},
term = {-5.10632919e-03, 0, 75.03357454, 75.03357454, 0, 0, 0, y},
term = {-5.72944648e-03, 0, 76.43607126, 76.43607126, 0, 0, 0, y},
term = {-3.03609722e-03, 0, 77.83856798, 77.83856798, 0, 0, 0, y},
term = {6.09384334e-03, 0, 80.64356142, 80.64356142, 0, 0, 0, y},
term = {6.42648104e-03, 0, 82.04605814, 82.04605814, 0, 0, 0, y},
term = {-3.63145454e-03, 0, 84.85105158, 84.85105158, 0, 0, 0, y},
term = {-7.49372259e-03, 0, 86.25354830, 86.25354830, 0, 0, 0, y},
term = {-6.98677304e-03, 0, 87.65604502, 87.65604502, 0, 0, 0, y},
term = {5.44088920e-03, 0, 90.46103846, 90.46103846, 0, 0, 0, y},
term = {9.69007814e-03, 0, 91.86353518, 91.86353518, 0, 0, 0, y},
term = {6.78299117e-03, 0, 93.26603190, 93.26603190, 0, 0, 0, y},
term = {3.11783013e-03, 0, 93.96728026, 93.96728026, 0, 0, 0, y},
term = {3.02479322e-03, 0, 95.36977698, 95.36977698, 0, 0, 0, y},
term = {-7.37157352e-03, 0, 96.07102534, 96.07102534, 0, 0, 0, y},
term = {-1.02484820e-02, 0, 97.47352206, 97.47352206, 0, 0, 0, y},
term = {-6.58720617e-03, 0, 98.87601878, 98.87601878, 0, 0, 0, y},
term = {-3.60264094e-03, 0, 99.57726715, 99.57726715, 0, 0, 0, y},
term = {-3.77568910e-03, 0, 100.97976387, 100.97976387, 0, 0, 0, y},
term = {9.43504163e-03, 0, 101.68101223, 101.68101223, 0, 0, 0, y},
term = {1.13466808e-02, 0, 103.08350895, 103.08350895, 0, 0, 0, y},
term = {2.72459940e-03, 0, 103.78475731, 103.78475731, 0, 0, 0, y},
term = {6.29345319e-03, 0, 104.48600567, 104.48600567, 0, 0, 0, y},
term = {4.78593638e-03, 0, 105.18725403, 105.18725403, 0, 0, 0, y},
term = {-3.46701462e-03, 0, 105.88850239, 105.88850239, 0, 0, 0, y},
term = {3.40301771e-03, 0, 106.58975075, 106.58975075, 0, 0, 0, y},
term = {-1.15217243e-02, 0, 107.29099911, 107.29099911, 0, 0, 0, y},
term = {-1.19956055e-02, 0, 108.69349583, 108.69349583, 0, 0, 0, y},
term = {-3.62877542e-03, 0, 109.39474419, 109.39474419, 0, 0, 0, y},
term = {-5.63664925e-03, 0, 110.09599255, 110.09599255, 0, 0, 0, y},
term = {-5.82763804e-03, 0, 110.79724091, 110.79724091, 0, 0, 0, y},
term = {5.73904356e-03, 0, 111.49848927, 111.49848927, 0, 0, 0, y},
term = {-4.05801168e-03, 0, 112.19973763, 112.19973763, 0, 0, 0, y},
term = {1.40097529e-02, 0, 112.90098599, 112.90098599, 0, 0, 0, y},
term = {1.27183433e-02, 0, 114.30348271, 114.30348271, 0, 0, 0, y},
term = {5.15922354e-03, 0, 115.00473107, 115.00473107, 0, 0, 0, y},
term = {3.95780031e-03, 0, 115.70597943, 115.70597943, 0, 0, 0, y},
term = {6.92740277e-03, 0, 116.40722779, 116.40722779, 0, 0, 0, y},
term = {-8.11145625e-03, 0, 117.10847615, 117.10847615, 0, 0, 0, y},
term = {3.66939373e-03, 0, 117.80972451, 117.80972451, 0, 0, 0, y},
term = {-1.62230430e-02, 0, 118.51097287, 118.51097287, 0, 0, 0, y},
term = {-1.35833305e-02, 0, 119.91346959, 119.91346959, 0, 0, 0, y},
term = {-6.62112734e-03, 0, 120.61471795, 120.61471795, 0, 0, 0, y},
term = {-7.75606515e-03, 0, 122.01721467, 122.01721467, 0, 0, 0, y},
term = {1.14298557e-02, 0, 122.71846303, 122.71846303, 0, 0, 0, y},
term = {-3.33770168e-03, 0, 123.41971139, 123.41971139, 0, 0, 0, y},
term = {1.90981991e-02, 0, 124.12095975, 124.12095975, 0, 0, 0, y},
term = {2.76604671e-03, 0, 124.82220811, 124.82220811, 0, 0, 0, y},
term = {1.43162779e-02, 0, 125.52345647, 125.52345647, 0, 0, 0, y},
term = {8.74911103e-03, 0, 126.22470483, 126.22470483, 0, 0, 0, y},
term = {9.58864213e-03, 0, 127.62720155, 127.62720155, 0, 0, 0, y},
term = {-1.51416348e-02, 0, 128.32844991, 128.32844991, 0, 0, 0, y},
term = {2.66087490e-03, 0, 129.02969827, 129.02969827, 0, 0, 0, y},
term = {-2.26864418e-02, 0, 129.73094663, 129.73094663, 0, 0, 0, y},
term = {-5.64533440e-03, 0, 130.43219499, 130.43219499, 0, 0, 0, y},
term = {-1.50343776e-02, 0, 131.13344335, 131.13344335, 0, 0, 0, y},
term = {-1.10713991e-02, 0, 131.83469171, 131.83469171, 0, 0, 0, y},
term = {3.67283010e-03, 0, 132.53594007, 132.53594007, 0, 0, 0, y},
term = {-1.00681641e-02, 0, 133.23718843, 133.23718843, 0, 0, 0, y},
term = {2.14621149e-02, 0, 133.93843679, 133.93843679, 0, 0, 0, y},
term = {2.64641179e-02, 0, 135.34093351, 135.34093351, 0, 0, 0, y},
term = {8.19089052e-03, 0, 136.04218187, 136.04218187, 0, 0, 0, y},
term = {1.44938200e-02, 0, 136.74343023, 136.74343023, 0, 0, 0, y},
term = {1.43631758e-02, 0, 137.44467859, 137.44467859, 0, 0, 0, y},
term = {-8.95553635e-03, 0, 138.14592695, 138.14592695, 0, 0, 0, y},
term = {1.18186029e-02, 0, 138.84717531, 138.84717531, 0, 0, 0, y},
term = {-2.82902073e-02, 0, 139.54842368, 139.54842368, 0, 0, 0, y},
term = {-3.18818799e-02, 0, 140.95092040, 140.95092040, 0, 0, 0, y},
term = {-1.26480285e-02, 0, 141.65216876, 141.65216876, 0, 0, 0, y},
term = {-1.36900315e-02, 0, 142.35341712, 142.35341712, 0, 0, 0, y},
term = {-2.02028738e-02, 0, 143.05466548, 143.05466548, 0, 0, 0, y},
term = {1.63994058e-02, 0, 143.75591384, 143.75591384, 0, 0, 0, y},
term = {-1.43478811e-02, 0, 144.45716220, 144.45716220, 0, 0, 0, y},
term = {3.92260011e-02, 0, 145.15841056, 145.15841056, 0, 0, 0, y},
term = {4.04905142e-02, 0, 146.56090728, 146.56090728, 0, 0, 0, y},
term = {2.08899879e-02, 0, 147.26215564, 147.26215564, 0, 0, 0, y},
term = {1.31263212e-02, 0, 147.96340400, 147.96340400, 0, 0, 0, y},
term = {2.91102351e-02, 0, 148.66465236, 148.66465236, 0, 0, 0, y},
term = {-3.03513161e-02, 0, 149.36590072, 149.36590072, 0, 0, 0, y},
term = {1.74365732e-02, 0, 150.06714908, 150.06714908, 0, 0, 0, y},
term = {-6.21338869e-02, 0, 150.76839744, 150.76839744, 0, 0, 0, y},
term = {-8.83085427e-03, 0, 151.46964580, 151.46964580, 0, 0, 0, y},
term = {-5.83749366e-02, 0, 152.17089416, 152.17089416, 0, 0, 0, y},
term = {-3.77527696e-02, 0, 152.87214252, 152.87214252, 0, 0, 0, y},
term = {-9.03662181e-03, 0, 153.57339088, 153.57339088, 0, 0, 0, y},
term = {-5.18315193e-02, 0, 154.27463924, 154.27463924, 0, 0, 0, y},
term = {6.74173480e-02, 0, 154.97588760, 154.97588760, 0, 0, 0, y},
term = {-2.85779313e-02, 0, 155.67713596, 155.67713596, 0, 0, 0, y},
term = {1.32362879e-01, 0, 156.37838432, 156.37838432, 0, 0, 0, y},
term = {3.33233275e-02, 0, 157.07963268, 157.07963268, 0, 0, 0, y},
term = {1.32597120e-01, 0, 157.78088104, 157.78088104, 0, 0, 0, y},
term = {1.28407429e-01, 0, 158.48212940, 158.48212940, 0, 0, 0, y},
term = {-8.01778832e-03, 0, 159.18337776, 159.18337776, 0, 0, 0, y},
term = {2.70522682e-01, 0, 159.88462612, 159.88462612, 0, 0, 0, y},
term = {-8.86893808e-01, 0, 160.58587448, 160.58587448, 0, 0, 0, y},
term = {-5.89397595e-01, 0, 161.28712284, 161.28712284, 0, 0, 0, y},
term = {6.68679055e-01, 0, 161.98837120, 161.98837120, 0, 0, 0, y},
term = {1.09444475e-01, 0, 162.68961956, 162.68961956, 0, 0, 0, y},
term = {1.57037919e-01, 0, 163.39086792, 163.39086792, 0, 0, 0, y},
term = {1.16763705e-01, 0, 164.09211628, 164.09211628, 0, 0, 0, y},
term = {-2.68597001e-02, 0, 164.79336464, 164.79336464, 0, 0, 0, y},
term = {6.90373089e-02, 0, 165.49461300, 165.49461300, 0, 0, 0, y},
term = {-9.42330618e-02, 0, 166.19586136, 166.19586136, 0, 0, 0, y},
term = {1.08302418e-02, 0, 166.89710972, 166.89710972, 0, 0, 0, y},
term = {-8.36797168e-02, 0, 167.59835808, 167.59835808, 0, 0, 0, y},
term = {-2.99109870e-02, 0, 168.29960644, 168.29960644, 0, 0, 0, y},
term = {-3.51978945e-02, 0, 169.00085480, 169.00085480, 0, 0, 0, y},
term = {-4.05332601e-02, 0, 169.70210316, 169.70210316, 0, 0, 0, y},
term = {1.76116601e-02, 0, 170.40335152, 170.40335152, 0, 0, 0, y},
term = {-2.64912451e-02, 0, 171.10459988, 171.10459988, 0, 0, 0, y},
term = {4.56142911e-02, 0, 171.80584824, 171.80584824, 0, 0, 0, y},
term = {4.02553249e-02, 0, 173.20834496, 173.20834496, 0, 0, 0, y},
term = {1.86841673e-02, 0, 173.90959332, 173.90959332, 0, 0, 0, y},
term = {1.47777683e-02, 0, 174.61084168, 174.61084168, 0, 0, 0, y},
term = {2.40826734e-02, 0, 175.31209004, 175.31209004, 0, 0, 0, y},
term = {-1.44275284e-02, 0, 176.01333840, 176.01333840, 0, 0, 0, y},
term = {1.48677292e-02, 0, 176.71458676, 176.71458676, 0, 0, 0, y},
term = {-2.96059042e-02, 0, 177.41583512, 177.41583512, 0, 0, 0, y},
term = {-2.38654501e-02, 0, 178.81833184, 178.81833184, 0, 0, 0, y},
term = {-1.43372563e-02, 0, 179.51958021, 179.51958021, 0, 0, 0, y},
term = {-6.63733488e-03, 0, 180.22082857, 180.22082857, 0, 0, 0, y},
term = {-1.71364336e-02, 0, 180.92207693, 180.92207693, 0, 0, 0, y},
term = {1.17845970e-02, 0, 181.62332529, 181.62332529, 0, 0, 0, y},
term = {-9.20640029e-03, 0, 182.32457365, 182.32457365, 0, 0, 0, y},
term = {2.15143590e-02, 0, 183.02582201, 183.02582201, 0, 0, 0, y},
term = {3.05180134e-03, 0, 183.72707037, 183.72707037, 0, 0, 0, y},
term = {1.57330937e-02, 0, 184.42831873, 184.42831873, 0, 0, 0, y},
term = {1.15961243e-02, 0, 185.12956709, 185.12956709, 0, 0, 0, y},
term = {2.65184612e-03, 0, 185.83081545, 185.83081545, 0, 0, 0, y},
term = {1.24886124e-02, 0, 186.53206381, 186.53206381, 0, 0, 0, y},
term = {-1.09332195e-02, 0, 187.23331217, 187.23331217, 0, 0, 0, y},
term = {5.39684430e-03, 0, 187.93456053, 187.93456053, 0, 0, 0, y},
term = {-1.58223375e-02, 0, 188.63580889, 188.63580889, 0, 0, 0, y},
term = {-3.10383855e-03, 0, 189.33705725, 189.33705725, 0, 0, 0, y},
term = {-1.04201067e-02, 0, 190.03830561, 190.03830561, 0, 0, 0, y},
term = {-1.00026864e-02, 0, 190.73955397, 190.73955397, 0, 0, 0, y},
term = {-9.15279767e-03, 0, 192.14205069, 192.14205069, 0, 0, 0, y},
term = {9.03036460e-03, 0, 192.84329905, 192.84329905, 0, 0, 0, y},
term = {-3.89335012e-03, 0, 193.54454741, 193.54454741, 0, 0, 0, y},
term = {1.26003203e-02, 0, 194.24579577, 194.24579577, 0, 0, 0, y},
term = {3.96288850e-03, 0, 194.94704413, 194.94704413, 0, 0, 0, y},
term = {7.29964014e-03, 0, 195.64829249, 195.64829249, 0, 0, 0, y},
term = {8.36199715e-03, 0, 196.34954085, 196.34954085, 0, 0, 0, y},
term = {7.18685844e-03, 0, 197.75203757, 197.75203757, 0, 0, 0, y},
term = {-8.66798983e-03, 0, 198.45328593, 198.45328593, 0, 0, 0, y},
term = {-9.34049833e-03, 0, 199.85578265, 199.85578265, 0, 0, 0, y},
term = {-4.14006130e-03, 0, 200.55703101, 200.55703101, 0, 0, 0, y},
term = {-4.18946284e-03, 0, 201.25827937, 201.25827937, 0, 0, 0, y},
term = {-7.59548042e-03, 0, 201.95952773, 201.95952773, 0, 0, 0, y},
term = {-5.45147901e-03, 0, 203.36202445, 203.36202445, 0, 0, 0, y},
term = {6.87394598e-03, 0, 204.06327281, 204.06327281, 0, 0, 0, y},
term = {6.98328453e-03, 0, 205.46576953, 205.46576953, 0, 0, 0, y},
term = {4.40343871e-03, 0, 206.16701789, 206.16701789, 0, 0, 0, y},
term = {2.63326689e-03, 0, 206.86826625, 206.86826625, 0, 0, 0, y},
term = {6.53450262e-03, 0, 207.56951461, 207.56951461, 0, 0, 0, y},
term = {3.48871495e-03, 0, 208.97201133, 208.97201133, 0, 0, 0, y},
term = {-5.80775920e-03, 0, 209.67325969, 209.67325969, 0, 0, 0, y},
term = {-5.27565367e-03, 0, 211.07575641, 211.07575641, 0, 0, 0, y},
term = {-3.96843179e-03, 0, 211.77700477, 211.77700477, 0, 0, 0, y},
term = {-5.03782328e-03, 0, 213.17950149, 213.17950149, 0, 0, 0, y},
term = {-2.73951941e-03, 0, 214.58199821, 214.58199821, 0, 0, 0, y},
term = {5.40290864e-03, 0, 215.28324657, 215.28324657, 0, 0, 0, y},
term = {3.51995621e-03, 0, 216.68574329, 216.68574329, 0, 0, 0, y},
term = {3.51655475e-03, 0, 217.38699165, 217.38699165, 0, 0, 0, y},
term = {3.98485994e-03, 0, 218.78948838, 218.78948838, 0, 0, 0, y},
term = {-4.35928925e-03, 0, 220.89323346, 220.89323346, 0, 0, 0, y},
term = {-3.04010288e-03, 0, 222.29573018, 222.29573018, 0, 0, 0, y},
term = {-3.43250794e-03, 0, 222.99697854, 222.99697854, 0, 0, 0, y},
term = {-3.20269429e-03, 0, 224.39947526, 224.39947526, 0, 0, 0, y},
term = {3.17744974e-03, 0, 226.50322034, 226.50322034, 0, 0, 0, y},
term = {3.12099786e-03, 0, 228.60696542, 228.60696542, 0, 0, 0, y},
term = {-2.70408587e-03, 0, 232.11320722, 232.11320722, 0, 0, 0, y},
term = {-2.97509582e-03, 0, 234.21695230, 234.21695230, 0, 0, 0, y},
term = {-2.64884726e-03, 0, 472.64139476, 472.64139476, 0, 0, 0, y},
term = {4.25484271e-03, 0, 476.84888492, 476.84888492, 0, 0, 0, y},
term = {5.24179714e-03, 0, 478.25138164, 478.25138164, 0, 0, 0, y},
term = {-6.45346887e-03, 0, 481.05637508, 481.05637508, 0, 0, 0, y},
term = {-3.34202657e-02, 0, 482.45887180, 482.45887180, 0, 0, 0, y},
term = {3.95912630e-02, 0, 483.86136852, 483.86136852, 0, 0, 0, y},
term = {-5.53982596e-03, 0, 486.66636196, 486.66636196, 0, 0, 0, y},
term = {-5.73430266e-03, 0, 488.06885868, 488.06885868, 0, 0, 0, y},
term = {-2.60813900e-03, 0, 489.47135540, 489.47135540, 0, 0, 0, y},
term = {3.88799906e-03, 0, 802.92937240, 802.92937240, 0, 0, 0, y},
term = {9.17257679e-03, 0, 804.33186912, 804.33186912, 0, 0, 0, y},
term = {-7.79695090e-03, 0, 805.03311748, 805.03311748, 0, 0, 0, y},
term = {-1.81325725e-02, 0, 805.73436584, 805.73436584, 0, 0, 0, y},
term = {5.41331835e-03, 0, 806.43561420, 806.43561420, 0, 0, 0, y},
term = {2.64864287e-03, 0, 807.13686256, 807.13686256, 0, 0, 0, y},
term = {3.44659150e-03, 0, 808.53935928, 808.53935928, 0, 0, 0, y},
term = {-2.78187831e-03, 0, 1126.90611480, 1126.90611480, 0, 0, 0, y},
term = {-2.78370330e-03, 0, 1127.60736316, 1127.60736316, 0, 0, 0, y},
term = {3.03963189e-03, 0, 1128.30861152, 1128.30861152, 0, 0, 0, y}
}
